// Jest Snapshot v1, https://goo.gl/fbAQLP

exports[`Request should render with loaded props 1`] = `
<ActivityIndicator
  color="#FFFFFF"
  size="large"
  style={
    Object {
      "alignSelf": "center",
      "flex": 1,
    }
  }
/>
`;

exports[`Request should render with loading props 1`] = `
<ActivityIndicator
  color="#FFFFFF"
  size="large"
  style={
    Object {
      "alignSelf": "center",
      "flex": 1,
    }
  }
/>
`;
